---------------------SOBRE GIT COMANDOS ------------------------
//abrimos GIT BASH HERE en la carpeta donde queemos hacer respaldo
git init  //para q inicialice y crea carpeta
git status //para ver como esta 
git status -s // mas especifico que muestra las carpetas y archivos de momentos en la carpeta del proyecto, cuando aparece ?, esntonces no hay seguimiento de estos files
// es decir no se ha creado copias de respaldo ejem: ?? css/

git add .   //para agregar todo, con vs podemos ir al tecer icono para para darle commit a todo o solo un archivo no mas
            //sigo menos en vs es quitar del respaldo de GIT, 
            //donde dice boton COMMIT: para darle respaldo a todos archivos y guardarlo en ensayo
git add index.html //agregamos el archivo con el nomre mas su extencion si html...
            //A  index.html : este archivo esta en el area de ensayo, lo esta monitoreando o haciendo el seguimiento
            //M index.html : ha sido modificado y no hay respaldo que se hayay echo que esta en rojo
            //M  index.html :  el archivo ha sido modificado, verde y ha tomado nota de la modificacion que ha echo
            //AM css/estilos.css , modificado este file A de color verde y M de rojo
            // ejem no sale el nombre index.html , porque ahora mismo esta restaurado, y si no sale nada porque todo esta guardado

//ADD despues COMMIT
git commit -m "Se agrega los cambios" //es un commit, caso que sale error ponemos el email y la contra despues agregamos otra vez el commit
git commit -m "Comienzo del proyecto" //1 file changed, 13 insertions(+), va salir asi cuando se agrego correctamente el commit, es decir un respaldo 
git commit -am "Parrafo y tamaño de fuente y css" //add y comit juatos a la vez, cuando es exitoso va salir como: create mode 100644 css/estilos.css : ...

*********** LISTADO DE COMMIT QUE HEMOS ECHO EN REPOSITORIO LOCAL DE GIT ************
$ git log --oneline
39d916b (HEAD -> master) Agregado titulo. Primer parrafo // 2do commit
273c8c4 Comienzo del proyecto  // primer commit

git reset --hard 39d916b// para restaurar el archivo al 1mer archivo o 2do comit, va depender 39d916b ó 273c8c4, en este caso restauramos el segundo commit
//esto tambien se puede hacer por vs yendonos al tercer icono superior izquierda damos flecha en regresar DISCARD CHANGES, descartamos cambios que hayamos echo 
HEAD is now at 39d916b Agregado titulo. Primer parrafo // cuando sale esto no hay error, una vez echo en vs, vamos en el tercer icono a la izquierda

$ git reset --hard 273c8c4 // si damos reset a primer commit se nos va borrar el primer comit cuando damos ver con:
*********
$ git log --oneline
273c8c4 (HEAD -> master) Comienzo del proyecto
*********
*********************  FIN *****************

git config --global user.email yaguirreobregon@gmail.com
git config --global user.name yosepyusen

//****************SUBIR CARPETA AL REPOSITORIO EXISTENTE, pero primero tienes que añadir a local despues con add , despues añadir al remoto 
git remote add origin https://github.com/yosepyusen/curso-js.git  //la ruta donde alojamos nuestro proyecto, con esto ya subio el proyecto si no hubo error no sale nada
//si te da error con la linea anterior y borra el efecto por completo del comando de linea anterior se hace con:
git remote rm origin
git remote -v //si no hay nada o no sale nada esta yendo bien pero si sale va salir lo sig ejem:
origin  https://github.com/yosepyusen/cusro_git.git (fetch)
origin  https://github.com/yosepyusen/cusro_git.git (push)

git branch -M main //para subir a la rama principal
git push -u origin main //para aser la sincronizacion de local con remoto, tabm se puede escribir: 

git push origin master //va salir una ventana de autorizacion y le damos sincronizar con navegador y abre una pestaña de autotizacion en dicho navegador y LISTO, esto va salir cuando cambiamos la rama sino usamos por defecto que es main
                    //en git ver permisos accedidos: Configuracion /Integrations /Applications/Authorized OAuth Apps
//****************

------------ video 4---------
//puedes editar estos archivo subidos en remoto con github cuando ves tu proyecto y quieres cambiar y estos cambios puedes sincronizar con local
//despues de editar demos en : commit changes, despues añadir un comit en: Extended description, y dejar seleccionado por defecto :Commit directly to the main branch
//para sincronizar desde vs solo damos en tercer icono superior izquierdo y debe aparecer: Sync Changes, demos click en eso y se nos sincroniza
//una vez echo los cambios en github para sincronizar con local usamos PULL y no PUSH

git pull //para sincronizar cambios desde que se ha echo de remoto a local, cuando sale bien sale lo sig:
index.html | 2 +-
 1 file changed, 1 insertion(+), 1 deletion(-)

$ git tag 06-09-2023version1.0 -m "version 1 del proyecto" // decir que el proyecto esta acabado, o de momento tiene la version 1.0 por decirlo y que pueda descargar del repositorio tanto como el grupo o otro usuarios
//tag son etiquetas , si ejecutado el comando anterior sale bien va salir lo sig:
$ git log --oneline
10d89b2 (HEAD -> main, tag: 06-09-2023version1.0, origin/main) cambios en index.html //dicho tag esta en local
git push --tag// para subir el tag en remoto y al ejecutar aparecera un tag en en remoto con nombre: 06-09-2023version1.0, si sale bien pa decir...
* [new tag]         06-09-2023version1.0 -> 06-09-2023version1.0 
//dicho tag en remoto ofrece descargar en ZIP: bajo windows y Ttar.gz: PARA LINUX

//CLONAR DESDE REMOTO A LOCAL::
git clone https://github.com/yosepyusen/cusro_git.git//clonando un proyecto desde una carpeta seleccionada o donde se quiere clonar, para ello abrimos desde dicha carpeta git bash here, usar siempre el https
//antes de clonar fijar bien la carpeta 

---------- CLASE RAMAS -------------------
//lineas de tiempo son ramas o branch y todo en la linea de tiempo cuando finaliza el proyecto incluido todos los comits que hemos echo se le da nombre: MASTER, que es por defecto o se puede cambiar el nombre
//tambien se puede crear varias ramas paralelas o lineas de tiempo paralelas, seria 2 filas con sus respectivo comit, esto se suele hacer para hacer pruebas en el proyecto complejo y no tener que regresar hacia atras despues de hacer dicha prueba esto es algo comun
//puedes volver a un comit anterior o dos comits anteriores para que cuando la cosa no te convence, suele pasar en proyectos complejos
//trabajar con ramas master min con una y adicionalmente puedes crear otras ramas paralelas y trabajar en el original= rama master y la copia = otra rama creada adicionalmente, esto se hace con fin de que otra persona trabaje solo en la rama copia o hacer pruebas
//se puede trabajar en las dos ramas a la vez tanto como principal y la copia, hacer tb, comits, ya que cuando haces pruebas en rama copia, directamente puedes eliminar dicha rama copia y rama master no se ha visto alterado
//puedes trabajar con una tercera rama adicional y al añadir mas ramas mas complejo se vuelve
//ahora si tu en la rama copia esta yendo bien entonces pueden unir con la rama principal, es unir las copias tanto como principal 
//debemos modificar archivos diferentes en cada rama NO SUELE HABER ERRORES, ejem: un inde.html modificas en linea 35 de la rama principal y los mismo modificas de la rama 2ria esa misma linea y ese archivo, ahi es donde sale el CONFILCTO, 
//cual vas agrear a la hora de hacer un merch

63bb29f (HEAD -> main, tag: 07-09-2023version1.1, origin/main, origin/HEAD) cambios notas.txt 4.1 //cuando sale en git es que estamos en rama main por defecto
git branch javascript // crear una rama con nombre:javascript , sino sale nada por que esta bien, y sale lo sig: 
63bb29f (HEAD -> main, tag: 07-09-2023version1.1, origin/main, origin/HEAD, javascript) cambios notas.txt 4.1
git branch //ver ramas del pryecto, en este caso tenemos dos ramas uno de main y otro de acabamos de crear javascript
* main     // quiere decir que estamos trabajando en rama main
git checkout javascript // para movernos en esta rama
//va salir en sig linea que estamos trabajando en rama javascript y los cambios que se han echo
$ git log --oneline
a468481 (HEAD -> javascript) Saludo js agregado



git pull --rebase origin main

git remote set-url origin https://github.com/yosepyusen/curso-js-mircha.git  //para pasarf a otra carpeta 
git remote --verbose // para ver en q carpeta esta 



 ---GIT VERSION--
 git -v // en cmd
https://git-scm.com/docs 
https://git-scm.com/docs/git#_git_commands 


-----ERRORES---
git commit -m "Agregado titulo. Primer parrafo" // no sale los siguientes errores porque primero tenemos que agregar el comando : git add nombre_archiv.txt
on branch master //en rama maestra
changes not staged for commit: // no has llevado al area de ensayo este archivo que has modificado para el commit
//untracked files, archivos que no se han echo el seguimiento
no changes added to commit // no se agrego cambios al commit 

error: remote origin already exists. //es cuando ya existe dicha ruta ejem: $ git remote add origin https://github.com/yosepyusen/cusro_git.git

me salio error al subir files al repo, primero es init, add, commit, despues gir remote add origin URL, despues branch y dos veces PUSH ahi todavia me dio en una carpeta PRIVADA


-------MAUNAL GIT------
…or create a new repository on the command line //NUEVO REPOSITORIO

echo "# cusro_git" >> README.md
git init
git add README.md
git commit -m "first commit"
git branch -M main
git remote add origin https://github.com/yosepyusen/cusro_git.git
git push -u origin main

…or push an existing repository from the command line

git remote add origin https://github.com/yosepyusen/cusro_git.git
git branch -M main
git push -u origin main

or import code from another repository
